[ { name: 'js-all',
    entry: '/packages/material-components-web/index.js',
    output: 
     { path: '/build',
       publicPath: '/assets/',
       filename: 'material-components-web.js',
       libraryTarget: 'umd',
       library: 'mdc' },
    devServer: { disableHostCheck: true },
    devtool: 'source-map',
    module: { rules: [Array] },
    plugins: [ [Object] ] },
  { name: 'demo-css',
    entry: 
     { button: '/demos/button.scss',
       card: '/demos/card.scss',
       checkbox: '/demos/checkbox.scss',
       common: '/demos/common.scss',
       dialog: '/demos/dialog.scss',
       'drawer/drawer': '/demos/drawer/drawer.scss',
       elevation: '/demos/elevation.scss',
       fab: '/demos/fab.scss',
       'grid-list': '/demos/grid-list.scss',
       'icon-toggle': '/demos/icon-toggle.scss',
       index: '/demos/index.scss',
       'layout-grid': '/demos/layout-grid.scss',
       'linear-progress': '/demos/linear-progress.scss',
       list: '/demos/list.scss',
       menu: '/demos/menu.scss',
       radio: '/demos/radio.scss',
       ripple: '/demos/ripple.scss',
       select: '/demos/select.scss',
       slider: '/demos/slider.scss',
       snackbar: '/demos/snackbar.scss',
       switch: '/demos/switch.scss',
       tabs: '/demos/tabs.scss',
       'text-field': '/demos/text-field.scss',
       'theme/theme-baseline': '/demos/theme/theme-baseline.scss',
       'theme/theme-black': '/demos/theme/theme-black.scss',
       'theme/theme-dark': '/demos/theme/theme-dark.scss',
       'theme/theme-white': '/demos/theme/theme-white.scss',
       'theme/theme-yellow': '/demos/theme/theme-yellow.scss',
       'toolbar/toolbar': '/demos/toolbar/toolbar.scss',
       typography: '/demos/typography.scss' },
    output: 
     { path: '/build',
       publicPath: '/assets/',
       filename: '[name].css.js' },
    devtool: false,
    module: { rules: [Array] },
    plugins: [ [Object], [Object], [Object] ] },
  { name: 'demo-js',
    entry: { common: [Array], 'theme/index': [Array] },
    output: 
     { path: '/build',
       publicPath: '/assets/',
       filename: '[name].js',
       libraryTarget: 'umd',
       library: [Array] },
    devtool: 'source-map',
    module: { rules: [Array] },
    plugins: [ [Object] ] } ]