[ { name: 'js-all',
    entry: '/packages/material-components-web/index.js',
    output: 
     { path: '/build',
       publicPath: '/assets/',
       filename: 'material-components-web.min.js',
       libraryTarget: 'umd',
       library: 'mdc' },
    devServer: { disableHostCheck: true },
    devtool: 'source-map',
    module: { rules: [Array] },
    plugins: [ [Object] ] },
  { name: 'js-components',
    entry: 
     { animation: [Array],
       autoInit: [Array],
       base: [Array],
       checkbox: [Array],
       dialog: [Array],
       drawer: [Array],
       formField: [Array],
       gridList: [Array],
       iconToggle: [Array],
       linearProgress: [Array],
       menu: [Array],
       radio: [Array],
       ripple: [Array],
       select: [Array],
       selectionControl: [Array],
       slider: [Array],
       snackbar: [Array],
       tabs: [Array],
       textfield: [Array],
       toolbar: [Array] },
    output: 
     { path: '/build',
       publicPath: '/assets/',
       filename: 'mdc.[name].min.js',
       libraryTarget: 'umd',
       library: [Array] },
    devtool: 'source-map',
    module: { rules: [Array] },
    plugins: [ [Object] ] },
  { name: 'css',
    entry: 
     { 'material-components-web': '/packages/material-components-web/material-components-web.scss',
       'mdc.button': '/packages/mdc-button/mdc-button.scss',
       'mdc.card': '/packages/mdc-card/mdc-card.scss',
       'mdc.checkbox': '/packages/mdc-checkbox/mdc-checkbox.scss',
       'mdc.dialog': '/packages/mdc-dialog/mdc-dialog.scss',
       'mdc.drawer': '/packages/mdc-drawer/mdc-drawer.scss',
       'mdc.elevation': '/packages/mdc-elevation/mdc-elevation.scss',
       'mdc.fab': '/packages/mdc-fab/mdc-fab.scss',
       'mdc.form-field': '/packages/mdc-form-field/mdc-form-field.scss',
       'mdc.grid-list': '/packages/mdc-grid-list/mdc-grid-list.scss',
       'mdc.icon-toggle': '/packages/mdc-icon-toggle/mdc-icon-toggle.scss',
       'mdc.layout-grid': '/packages/mdc-layout-grid/mdc-layout-grid.scss',
       'mdc.linear-progress': '/packages/mdc-linear-progress/mdc-linear-progress.scss',
       'mdc.list': '/packages/mdc-list/mdc-list.scss',
       'mdc.menu': '/packages/mdc-menu/mdc-menu.scss',
       'mdc.radio': '/packages/mdc-radio/mdc-radio.scss',
       'mdc.ripple': '/packages/mdc-ripple/mdc-ripple.scss',
       'mdc.select': '/packages/mdc-select/mdc-select.scss',
       'mdc.slider': '/packages/mdc-slider/mdc-slider.scss',
       'mdc.snackbar': '/packages/mdc-snackbar/mdc-snackbar.scss',
       'mdc.switch': '/packages/mdc-switch/mdc-switch.scss',
       'mdc.tabs': '/packages/mdc-tabs/mdc-tabs.scss',
       'mdc.textfield': '/packages/mdc-textfield/mdc-text-field.scss',
       'mdc.theme': '/packages/mdc-theme/mdc-theme.scss',
       'mdc.toolbar': '/packages/mdc-toolbar/mdc-toolbar.scss',
       'mdc.typography': '/packages/mdc-typography/mdc-typography.scss' },
    output: 
     { path: '/build',
       publicPath: '/assets/',
       filename: '[name].min.css.js-entry' },
    devtool: false,
    module: { rules: [Array] },
    plugins: [ [Object], [Object] ] } ]